      Result
    #Equals
      <generatedTop>
        <T>
          <k>
            .
          </k>
          <state>
            x |-> varvarVar'Ques'I1876 y |-> varvarVar'Ques'I2506 z |-> varvarVar'Ques'I3139 max |-> varvarVar'Ques'I1876 .State
          </state>
        </T>
        <generatedCounter>
          0
        </generatedCounter>
      </generatedTop>
  #And
      false
    #Equals
      varvarVar'Ques'I1876 <=Int varvarVar'Ques'I2506
  #And
      false
    #Equals
      varvarVar'Ques'I1876 <=Int varvarVar'Ques'I3139
#Or
      Result
    #Equals
      <generatedTop>
        <T>
          <k>
            .
          </k>
          <state>
            x |-> varvarVar'Ques'I1876 y |-> varvarVar'Ques'I2506 z |-> varvarVar'Ques'I3139 max |-> varvarVar'Ques'I2506 .State
          </state>
        </T>
        <generatedCounter>
          0
        </generatedCounter>
      </generatedTop>
  #And
      false
    #Equals
      varvarVar'Ques'I2506 <=Int varvarVar'Ques'I3139
  #And
      true
    #Equals
      varvarVar'Ques'I1876 <=Int varvarVar'Ques'I2506
#Or
      Result
    #Equals
      <generatedTop>
        <T>
          <k>
            .
          </k>
          <state>
            x |-> varvarVar'Ques'I1876 y |-> varvarVar'Ques'I2506 z |-> varvarVar'Ques'I3139 max |-> varvarVar'Ques'I3139 .State
          </state>
        </T>
        <generatedCounter>
          0
        </generatedCounter>
      </generatedTop>
  #And
      false
    #Equals
      varvarVar'Ques'I1876 <=Int varvarVar'Ques'I2506
  #And
      true
    #Equals
      varvarVar'Ques'I1876 <=Int varvarVar'Ques'I3139
#Or
      Result
    #Equals
      <generatedTop>
        <T>
          <k>
            .
          </k>
          <state>
            x |-> varvarVar'Ques'I1876 y |-> varvarVar'Ques'I2506 z |-> varvarVar'Ques'I3139 max |-> varvarVar'Ques'I3139 .State
          </state>
        </T>
        <generatedCounter>
          0
        </generatedCounter>
      </generatedTop>
  #And
      true
    #Equals
      varvarVar'Ques'I1876 <=Int varvarVar'Ques'I2506
  #And
      true
    #Equals
      varvarVar'Ques'I2506 <=Int varvarVar'Ques'I3139
