<generatedTop>
  <T>
    <k>
      b
    </k>
    <l>
      ListItem ( a )
      ListItem ( b )
      ListItem ( c )
      .List
    </l>
    <v>
      .
    </v>
  </T>
  <generatedCounter>
    0
  </generatedCounter>
</generatedTop>
