      Result
    #Equals
      <generatedTop>
        <T>
          <k>
            .
          </k>
          <state>
            x |-> varvarVar'Ques'I2033 y |-> varvarVar'Ques'I2713 z |-> varvarVar'Ques'I3396 max |-> varvarVar'Ques'I2033 .State
          </state>
        </T>
        <generatedCounter>
          0
        </generatedCounter>
      </generatedTop>
  #And
      false
    #Equals
      varvarVar'Ques'I2033 <=Int varvarVar'Ques'I2713
  #And
      false
    #Equals
      varvarVar'Ques'I2033 <=Int varvarVar'Ques'I3396
#Or
      Result
    #Equals
      <generatedTop>
        <T>
          <k>
            .
          </k>
          <state>
            x |-> varvarVar'Ques'I2033 y |-> varvarVar'Ques'I2713 z |-> varvarVar'Ques'I3396 max |-> varvarVar'Ques'I2713 .State
          </state>
        </T>
        <generatedCounter>
          0
        </generatedCounter>
      </generatedTop>
  #And
      false
    #Equals
      varvarVar'Ques'I2713 <=Int varvarVar'Ques'I3396
  #And
      true
    #Equals
      varvarVar'Ques'I2033 <=Int varvarVar'Ques'I2713
#Or
      Result
    #Equals
      <generatedTop>
        <T>
          <k>
            .
          </k>
          <state>
            x |-> varvarVar'Ques'I2033 y |-> varvarVar'Ques'I2713 z |-> varvarVar'Ques'I3396 max |-> varvarVar'Ques'I3396 .State
          </state>
        </T>
        <generatedCounter>
          0
        </generatedCounter>
      </generatedTop>
  #And
      false
    #Equals
      varvarVar'Ques'I2033 <=Int varvarVar'Ques'I2713
  #And
      true
    #Equals
      varvarVar'Ques'I2033 <=Int varvarVar'Ques'I3396
#Or
      Result
    #Equals
      <generatedTop>
        <T>
          <k>
            .
          </k>
          <state>
            x |-> varvarVar'Ques'I2033 y |-> varvarVar'Ques'I2713 z |-> varvarVar'Ques'I3396 max |-> varvarVar'Ques'I3396 .State
          </state>
        </T>
        <generatedCounter>
          0
        </generatedCounter>
      </generatedTop>
  #And
      true
    #Equals
      varvarVar'Ques'I2033 <=Int varvarVar'Ques'I2713
  #And
      true
    #Equals
      varvarVar'Ques'I2713 <=Int varvarVar'Ques'I3396
