Parse error: Failed reading: Keyword Based Parsers - unexpected character..