Definition {definitionAttributes = Attributes {getAttributes = []}, definitionModules = Module {moduleName = ModuleName {getModuleName = "TEST-PATTERN-2"}, moduleSentences = [AxiomSentence {axiomSentenceParameters = [ObjectSortVariable (SortVariable {getSortVariable = Id {getId = "S"}})], axiomSentencePattern = ObjectPattern (BottomPattern (SortVariableSort {getSortVariableSort = SortVariable {getSortVariable = Id {getId = "S"}}})), axiomSentenceAtrributes = Attributes {getAttributes = []}}], moduleAttributes = Attributes {getAttributes = []}}}