Definition {definitionAttributes = Attributes {getAttributes = []}, definitionModules = Module {moduleName = ModuleName {getModuleName = "TEST-PATTERN-13"}, moduleSentences = [AxiomSentence {axiomSentenceParameters = [ObjectSortVariable (SortVariable {getSortVariable = Id {getId = "S"}})], axiomSentencePattern = ObjectPattern (FloorPattern {floorPatternFirstSort = SortVariableSort {getSortVariableSort = SortVariable {getSortVariable = Id {getId = "S"}}}, floorPatternSecondSort = SortVariableSort {getSortVariableSort = SortVariable {getSortVariable = Id {getId = "S"}}}, floorPatternPattern = ObjectPattern (VariablePattern (Variable {variableName = Id {getId = "X"}, variableSort = SortVariableSort {getSortVariableSort = SortVariable {getSortVariable = Id {getId = "S"}}}}))}), axiomSentenceAtrributes = Attributes {getAttributes = []}}], moduleAttributes = Attributes {getAttributes = []}}}