Definition {definitionAttributes = Attributes {getAttributes = []}, definitionModules = Module {moduleName = ModuleName {getModuleName = "TEST-ALIAS-1"}, moduleSentences = [SortSentence {sortSentenceParameters = [], sortSentenceSort = ActualSort {actualSortName = Id {getId = "S"}, actualSortSorts = []}, sortSentenceAttributes = Attributes {getAttributes = []}},ObjectSymbolOrAliasSentence (AliasSentence {aliasSentenceAlias = Alias {aliasConstructor = Id {getId = "f"}, aliasParams = []}, aliasSentenceSorts = [], aliasSentenceReturnSort = ActualSort {actualSortName = Id {getId = "S"}, actualSortSorts = []}, aliasSentenceAttributes = Attributes {getAttributes = []}})], moduleAttributes = Attributes {getAttributes = []}}}