Definition {definitionAttributes = Attributes {getAttributes = []}, definitionModules = Module {moduleName = ModuleName {getModuleName = "TEST-ALIAS-3"}, moduleSentences = [SentenceSortSentence (SentenceSort {sentenceSortParameters = [], sentenceSortSort = SortActualSort (SortActual {sortActualName = Id {getId = "S"}, sortActualSorts = []}), sentenceSortAttributes = Attributes {getAttributes = []}}),ObjectSentenceAliasSentence (SentenceAlias {sentenceAliasAlias = Alias {aliasConstructor = Id {getId = "f"}, aliasParams = []}, sentenceAliasSorts = [SortActualSort (SortActual {sortActualName = Id {getId = "S"}, sortActualSorts = []}),SortActualSort (SortActual {sortActualName = Id {getId = "S"}, sortActualSorts = []})], sentenceAliasReturnSort = SortActualSort (SortActual {sortActualName = Id {getId = "S"}, sortActualSorts = []}), sentenceAliasAttributes = Attributes {getAttributes = []}})], moduleAttributes = Attributes {getAttributes = []}}}