Definition {definitionAttributes = Attributes {getAttributes = []}, definitionModules = Module {moduleName = ModuleName {getModuleName = "TEST-ALIAS-4"}, moduleSentences = [ObjectSentenceAliasSentence (SentenceAlias {sentenceAliasAlias = Alias {aliasConstructor = Id {getId = "f"}, aliasParams = [SortVariable {getSortVariable = Id {getId = "S"}}]}, sentenceAliasSorts = [], sentenceAliasReturnSort = SortVariableSort (SortVariable {getSortVariable = Id {getId = "S"}}), sentenceAliasAttributes = Attributes {getAttributes = []}})], moduleAttributes = Attributes {getAttributes = []}}}