Parse error: Failed reading: genericIdRawParser: Invalid first character '-'..