Parse error: Failed reading: genericidParser: Invalid first character '#'..