Definition {definitionAttributes = Attributes {getAttributes = []}, definitionModules = Module {moduleName = ModuleName {getModuleName = "TEST-PATTERN-1"}, moduleSentences = [SentenceAxiomSentence (SentenceAxiom {sentenceAxiomParameters = [ObjectSortVariable (SortVariable {getSortVariable = Id {getId = "S"}})], sentenceAxiomPattern = ObjectPattern (TopPattern (Top {topSort = SortVariableSort (SortVariable {getSortVariable = Id {getId = "S"}})})), sentenceAxiomAtrributes = Attributes {getAttributes = []}})], moduleAttributes = Attributes {getAttributes = []}}}