Definition
    { definitionAttributes = Attributes []
    , definitionModules =
        [ Module
            { moduleName = ModuleName "S"
            , moduleSentences =
                [ ObjectSentence (SentenceSortSentence SentenceSort
                    { sentenceSortName = (Id "S" AstLocationNone) :: Id Object
                    , sentenceSortParameters = []
                    , sentenceSortAttributes = Attributes []
                    })
                , ObjectSentence (SentenceHookSentence (SentenceHookedSymbol SentenceSymbol
                    { sentenceSymbolSymbol =
                        Symbol
                            { symbolConstructor = (Id "f" AstLocationNone) :: Id Object
                            , symbolParams = []
                            }
                    , sentenceSymbolSorts = []
                    , sentenceSymbolReturnSort =
                        SortActualSort SortActual
                            { sortActualName = (Id "S" AstLocationNone) :: Id Object
                            , sortActualSorts = []
                            }
                    , sentenceSymbolAttributes =
                        Attributes 
                            [ Fix (UnifiedPattern (UnifiedObjectPattern (ApplicationPattern Application
                                { applicationSymbolOrAlias =
                                    SymbolOrAlias
                                        { symbolOrAliasConstructor = (Id "hook" AstLocationNone) :: Id Object
                                        , symbolOrAliasParams = []
                                        }
                                , applicationChildren =
                                    [ Fix (UnifiedPattern (UnifiedMetaPattern (StringLiteralPattern (StringLiteral "S.f"))))
                                    ]
                                })))
                            ]
                    }))
                ]
            , moduleAttributes = Attributes []
            }
        , Module
            { moduleName = ModuleName "T"
            , moduleSentences =
                [ MetaSentence (SentenceImportSentence SentenceImport
                    { sentenceImportModuleName =
                        ModuleName "S"
                    , sentenceAxiomAttributes = Attributes []
                    })
                , ObjectSentence (SentenceHookSentence (SentenceHookedSymbol SentenceSymbol
                    { sentenceSymbolSymbol =
                        Symbol
                            { symbolConstructor = (Id "g" AstLocationNone) :: Id Object
                            , symbolParams = []
                            }
                    , sentenceSymbolSorts = []
                    , sentenceSymbolReturnSort =
                        SortActualSort SortActual
                            { sortActualName = (Id "S" AstLocationNone) :: Id Object
                            , sortActualSorts = []
                            }
                    , sentenceSymbolAttributes =
                        Attributes 
                            [ Fix (UnifiedPattern (UnifiedObjectPattern (ApplicationPattern Application
                                { applicationSymbolOrAlias =
                                    SymbolOrAlias
                                        { symbolOrAliasConstructor = (Id "hook" AstLocationNone) :: Id Object
                                        , symbolOrAliasParams = []
                                        }
                                , applicationChildren =
                                    [ Fix (UnifiedPattern (UnifiedMetaPattern (StringLiteralPattern (StringLiteral "S.f"))))
                                    ]
                                })))
                            ]
                    }))
                ]
            , moduleAttributes = Attributes []
            }
        ]
    }