Definition
    { definitionAttributes = Attributes []
    , definitionModules =
        Module
            { moduleName = (ModuleName "TEST4")
            , moduleSentences =
                [ (SentenceSortSentence SentenceSort
                    { sentenceSortName = (Id Object "Map")
                    , sentenceSortParameters =
                        [ (SortVariable (Id Object "S"))
                        , (SortVariable (Id Object "S"))
                        ]
                    , sentenceSortAttributes = Attributes []
                    })
                ]
            , moduleAttributes = Attributes []
            }
    }