Parse error: Error in module 'BOOL' -> sort 'Bool' declaration (../../../test/resources//test-bool-2.kore 3:17): expected 0 sort parameters, found 1