Definition {definitionAttributes = Attributes {getAttributes = []}, definitionModules = Module {moduleName = ModuleName {getModuleName = "TEST-COMMENT-2"}, moduleSentences = [SentenceSortSentence (SentenceSort {sentenceSortParameters = [], sentenceSortSort = SortActualSort (SortActual {sortActualName = Id {getId = "Nat"}, sortActualSorts = []}), sentenceSortAttributes = Attributes {getAttributes = []}})], moduleAttributes = Attributes {getAttributes = []}}}