Definition {definitionAttributes = Attributes {getAttributes = []}, definitionModules = Module {moduleName = ModuleName {getModuleName = "TEST-PATTERN-5"}, moduleSentences = [AxiomSentence {axiomSentenceParameters = [ObjectSortVariable (SortVariable {getSortVariable = Id {getId = "S"}})], axiomSentencePattern = ObjectPattern (NotPattern {notPatternSort = SortVariableSort {getSortVariableSort = SortVariable {getSortVariable = Id {getId = "S"}}}, notPatternPattern = ObjectPattern (VariablePattern (Variable {variableName = Id {getId = "X"}, variableSort = SortVariableSort {getSortVariableSort = SortVariable {getSortVariable = Id {getId = "S"}}}}))}), axiomSentenceAtrributes = Attributes {getAttributes = []}}], moduleAttributes = Attributes {getAttributes = []}}}