Parse error: Failed reading: metaSortConverter: Invalid constructor: '#S'..