Definition
    { definitionAttributes =
        (Attributes 
            [ (MetaPattern (StringLiteralPattern (StringLiteral "\251")))
            ])
    , definitionModules =
        Module
            { moduleName = (ModuleName "TEST-STRING-6")
            , moduleSentences = []
            , moduleAttributes = Attributes []
            }
    }