Definition {definitionAttributes = Attributes {getAttributes = []}, definitionModules = Module {moduleName = ModuleName {getModuleName = "TEST-COMMENT-7"}, moduleSentences = [], moduleAttributes = Attributes {getAttributes = []}}}