Definition {definitionAttributes = Attributes {getAttributes = []}, definitionModules = Module {moduleName = ModuleName {getModuleName = "TEST-COMMENT-4"}, moduleSentences = [SortSentence {sortSentenceParameters = [], sortSentenceSort = ActualSort {actualSortName = Id {getId = "Nat"}, actualSortSorts = []}, sortSentenceAttributes = Attributes {getAttributes = []}}], moduleAttributes = Attributes {getAttributes = []}}}