Definition
    { definitionAttributes = Attributes []
    , definitionModules =
        [ Module
            { moduleName = ModuleName "TEST-EXCEPTION-1"
            , moduleSentences =
                [ MetaSentence (SentenceSortSentence SentenceSort
                    { sentenceSortName = (Id "#a" AstLocationNone) :: Id Meta
                    , sentenceSortParameters = []
                    , sentenceSortAttributes = Attributes []
                    })
                ]
            , moduleAttributes = Attributes []
            }
        ]
    }