Definition {definitionAttributes = Attributes {getAttributes = []}, definitionModules = Module {moduleName = ModuleName {getModuleName = "TEST-ALIAS-6"}, moduleSentences = [ObjectSentenceAliasSentence (SentenceAlias {sentenceAliasAlias = Alias {aliasConstructor = Id {getId = "f"}, aliasParams = [SortVariableSort (SortVariable {getSortVariable = Id {getId = "S"}})]}, sentenceAliasSorts = [SortVariableSort (SortVariable {getSortVariable = Id {getId = "S"}}),SortVariableSort (SortVariable {getSortVariable = Id {getId = "S"}})], sentenceAliasReturnSort = SortVariableSort (SortVariable {getSortVariable = Id {getId = "S"}}), sentenceAliasAttributes = Attributes {getAttributes = []}})], moduleAttributes = Attributes {getAttributes = []}}}