Definition {definitionAttributes = Attributes {getAttributes = []}, definitionModules = Module {moduleName = ModuleName {getModuleName = "TEST-COMMENT-5"}, moduleSentences = [SentenceSortSentence (SentenceSort {sentenceSortName = Id {getId = "Nat"}, sentenceSortParameters = [], sentenceSortAttributes = Attributes {getAttributes = []}})], moduleAttributes = Attributes {getAttributes = []}}}