Definition
    { definitionAttributes = Attributes []
    , definitionModules =
        Module
            { moduleName = ModuleName "TEST-SORT-1"
            , moduleSentences =
                [ SentenceSortSentence SentenceSort
                    { sentenceSortName = Id Object "Nat"
                    , sentenceSortParameters = []
                    , sentenceSortAttributes = Attributes []
                    }
                ]
            , moduleAttributes = Attributes []
            }
    }