Parse error: Error in module 'INT' -> sort 'Int' declaration (../../../test/resources//test-int-2.kore 15:17): expected 0 sort parameters, found 1