Definition
    { definitionAttributes =
        Attributes 
            [ Fix (UnifiedPattern (UnifiedObjectPattern (ApplicationPattern Application
                { applicationSymbolOrAlias =
                    SymbolOrAlias
                        { symbolOrAliasConstructor = (Id "key" AstLocationNone) :: Id Object
                        , symbolOrAliasParams = []
                        }
                , applicationChildren =
                    [ Fix (UnifiedPattern (UnifiedMetaPattern (StringLiteralPattern (StringLiteral "\v"))))
                    ]
                })))
            ]
    , definitionModules =
        [ Module
            { moduleName = ModuleName "TEST-STRING-3"
            , moduleSentences = []
            , moduleAttributes = Attributes []
            }
        ]
    }