Definition
    { definitionAttributes = Attributes []
    , definitionModules =
        [ Module
            { moduleName = ModuleName "Nat"
            , moduleSentences =
                [ MetaSentence (SentenceSortSentence SentenceSort
                    { sentenceSortName = (Id "#Nat" AstLocationNone) :: Id Meta
                    , sentenceSortParameters = []
                    , sentenceSortAttributes = Attributes []
                    })
                , MetaSentence (SentenceSymbolSentence SentenceSymbol
                    { sentenceSymbolSymbol =
                        Symbol
                            { symbolConstructor = (Id "#zero" AstLocationNone) :: Id Meta
                            , symbolParams = []
                            }
                    , sentenceSymbolSorts = []
                    , sentenceSymbolResultSort =
                        SortActualSort SortActual
                            { sortActualName = (Id "#Nat" AstLocationNone) :: Id Meta
                            , sortActualSorts = []
                            }
                    , sentenceSymbolAttributes = Attributes []
                    })
                , MetaSentence (SentenceSymbolSentence SentenceSymbol
                    { sentenceSymbolSymbol =
                        Symbol
                            { symbolConstructor = (Id "#succ" AstLocationNone) :: Id Meta
                            , symbolParams = []
                            }
                    , sentenceSymbolSorts =
                        [ SortActualSort SortActual
                            { sortActualName = (Id "#Nat" AstLocationNone) :: Id Meta
                            , sortActualSorts = []
                            }
                        ]
                    , sentenceSymbolResultSort =
                        SortActualSort SortActual
                            { sortActualName = (Id "#Nat" AstLocationNone) :: Id Meta
                            , sortActualSorts = []
                            }
                    , sentenceSymbolAttributes = Attributes []
                    })
                ]
            , moduleAttributes = Attributes []
            }
        ]
    }