Parse error: Error in module 'Nat' -> symbol '#succ' declaration (../../../test/resources//user-meta-nat-malformed.kore 5:20) -> (../../../test/resources//user-meta-nat-malformed.kore 5:30): Malformed meta sort '#Nat' with non-empty Parameter sorts.